--------------------------------------------------------------------------------------
Timing Analyzer Summary
--------------------------------------------------------------------------------------

Type           : Worst-case tsu
Slack          : N/A
Required Time  : None
Actual Time    : 1.025 ns
From           : angle[0]
To             : lpm_rom:sin_table|altrom:srom|altsyncram:rom_block|altsyncram_a801:auto_generated|ram_block1a0~porta_address_reg0
From Clock     : --
To Clock       : clock
Failed Paths   : 0

Type           : Worst-case tco
Slack          : N/A
Required Time  : None
Actual Time    : 12.798 ns
From           : lpm_rom:sin_table|altrom:srom|altsyncram:rom_block|altsyncram_a801:auto_generated|ram_block1a0~porta_address_reg8
To             : sine[1]
From Clock     : clock
To Clock       : --
Failed Paths   : 0

Type           : Worst-case th
Slack          : N/A
Required Time  : None
Actual Time    : 0.257 ns
From           : angle[3]
To             : lpm_rom:sin_table|altrom:srom|altsyncram:rom_block|altsyncram_a801:auto_generated|ram_block1a9~porta_address_reg3
From Clock     : --
To Clock       : clock
Failed Paths   : 0

Type           : Total number of failed paths
Slack          : 
Required Time  : 
Actual Time    : 
From           : 
To             : 
From Clock     : 
To Clock       : 
Failed Paths   : 0

--------------------------------------------------------------------------------------

